---
source: tui/src/status/tests.rs
assertion_line: 388
expression: sanitized
---
/status

╭─────────────────────────────────────────────────────────────────────────────╮
│  >_ Whisply (v0.147.0-wsply.1)                                              │
│                                                                             │
│  Model:            gpt-5.1-codex-max (reasoning none, summaries auto)       │
│  Model provider:   Whisply                                                  │
│  Directory: [[workspace]]                                                   │
│  Permissions:      Custom (workspace with network access, Ask for approval) │
│  Agents.md:        <none>                                                   │
│  Account:          Enterprise (Automation)                                  │
│                                                                             │
│  Limits:           data not available yet                                   │
╰─────────────────────────────────────────────────────────────────────────────╯
