---
source: tui/src/app/tests.rs
assertion_line: 4735
expression: rendered
---
╭────────────────────────────────────────────────────╮
│ >_ Whisply (v<VERSION>)                            │
│                                                    │
│ model:     gpt-5.4 xhigh   fast   /model to change │
│ directory: /tmp/project                            │
╰────────────────────────────────────────────────────╯
