---
source: tui/src/app/tests/safety_buffering.rs
expression: rendered_retry
---
› Handle the safety-buffered request
  Keep the accepted steer
• Context compacted⚠ Heads up: Long threads and multiple compactions can cause the model to be less
  accurate. Start a new thread when possible to keep threads small and targeted.• done
