---
source: tui/src/history_cell/tests.rs
assertion_line: 1652
expression: rendered
---
╭───────────────────────────────────────╮
│ >_ Whisply (vtest)                    │
│                                       │
│ model:       gpt-5   /model to change │
│ directory:   /tmp/project             │
│ permissions: YOLO mode                │
╰───────────────────────────────────────╯
